// Jest Snapshot v1, https://goo.gl/fbAQLP

exports[`matches snapshot 1`] = `
<DocumentFragment>
  <div
    class="ToDo"
    id="1"
  >
    Test To Do
  </div>
</DocumentFragment>
`;
